###############################################################################
#                                                                             #
# IAR ELF Linker V6.40.1.53790/W32 for ARM              10/Sep/2013  19:19:54 #
# Copyright 2007-2012 IAR Systems AB.                                         #
#                                                                             #
#    Output file  =  C:\Program Files\IAR Systems\Embedded Workbench          #
#                    6.4\arm\examples\TexasInstruments\Stellaris\boards\ek-lm #
#                    4f230H5QR\BBStabilizedPlatform_IR_HR\Debug\Exe\Stabilize #
#                    dPlatform.out                                            #
#    Map file     =  C:\Program Files\IAR Systems\Embedded Workbench          #
#                    6.4\arm\examples\TexasInstruments\Stellaris\boards\ek-lm #
#                    4f230H5QR\BBStabilizedPlatform_IR_HR\Debug\List\Stabiliz #
#                    edPlatform.map                                           #
#    Command line =  "C:\Program Files\IAR Systems\Embedded Workbench         #
#                    6.4\arm\examples\TexasInstruments\Stellaris\boards\ek-lm #
#                    4f230H5QR\BBStabilizedPlatform_IR_HR\Debug\Obj\A3906.o"  #
#                    "C:\Program Files\IAR Systems\Embedded Workbench         #
#                    6.4\arm\examples\TexasInstruments\Stellaris\boards\ek-lm #
#                    4f230H5QR\BBStabilizedPlatform_IR_HR\Debug\Obj\BMA180.o" #
#                     "C:\Program Files\IAR Systems\Embedded Workbench        #
#                    6.4\arm\examples\TexasInstruments\Stellaris\boards\ek-lm #
#                    4f230H5QR\BBStabilizedPlatform_IR_HR\Debug\Obj\GPIOhandl #
#                    er.o" "C:\Program Files\IAR Systems\Embedded Workbench   #
#                    6.4\arm\examples\TexasInstruments\Stellaris\boards\ek-lm #
#                    4f230H5QR\BBStabilizedPlatform_IR_HR\Debug\Obj\ITG3200.o #
#                    " "C:\Program Files\IAR Systems\Embedded Workbench       #
#                    6.4\arm\examples\TexasInstruments\Stellaris\boards\ek-lm #
#                    4f230H5QR\BBStabilizedPlatform_IR_HR\Debug\Obj\Interpret #
#                    .o" "C:\Program Files\IAR Systems\Embedded Workbench     #
#                    6.4\arm\examples\TexasInstruments\Stellaris\boards\ek-lm #
#                    4f230H5QR\BBStabilizedPlatform_IR_HR\Debug\Obj\Led.o"    #
#                    "C:\Program Files\IAR Systems\Embedded Workbench         #
#                    6.4\arm\examples\TexasInstruments\Stellaris\boards\ek-lm #
#                    4f230H5QR\BBStabilizedPlatform_IR_HR\Debug\Obj\MAG3110.o #
#                    " "C:\Program Files\IAR Systems\Embedded Workbench       #
#                    6.4\arm\examples\TexasInstruments\Stellaris\boards\ek-lm #
#                    4f230H5QR\BBStabilizedPlatform_IR_HR\Debug\Obj\MasterI2C #
#                    .o" "C:\Program Files\IAR Systems\Embedded Workbench     #
#                    6.4\arm\examples\TexasInstruments\Stellaris\boards\ek-lm #
#                    4f230H5QR\BBStabilizedPlatform_IR_HR\Debug\Obj\Stabilize #
#                    .o" "C:\Program Files\IAR Systems\Embedded Workbench     #
#                    6.4\arm\examples\TexasInstruments\Stellaris\boards\ek-lm #
#                    4f230H5QR\BBStabilizedPlatform_IR_HR\Debug\Obj\Stabilize #
#                    dPlatform.o" "C:\Program Files\IAR Systems\Embedded      #
#                    Workbench 6.4\arm\examples\TexasInstruments\Stellaris\bo #
#                    ards\ek-lm4f230H5QR\BBStabilizedPlatform_IR_HR\Debug\Obj #
#                    \SysTick.o" "C:\Program Files\IAR Systems\Embedded       #
#                    Workbench 6.4\arm\examples\TexasInstruments\Stellaris\bo #
#                    ards\ek-lm4f230H5QR\BBStabilizedPlatform_IR_HR\Debug\Obj #
#                    \comproc.o" "C:\Program Files\IAR Systems\Embedded       #
#                    Workbench 6.4\arm\examples\TexasInstruments\Stellaris\bo #
#                    ards\ek-lm4f230H5QR\BBStabilizedPlatform_IR_HR\Debug\Obj #
#                    \cpu_usage.o" "C:\Program Files\IAR Systems\Embedded     #
#                    Workbench 6.4\arm\examples\TexasInstruments\Stellaris\bo #
#                    ards\ek-lm4f230H5QR\BBStabilizedPlatform_IR_HR\Debug\Obj #
#                    \encoder.o" "C:\Program Files\IAR Systems\Embedded       #
#                    Workbench 6.4\arm\examples\TexasInstruments\Stellaris\bo #
#                    ards\ek-lm4f230H5QR\BBStabilizedPlatform_IR_HR\Debug\Obj #
#                    \filter3.o" "C:\Program Files\IAR Systems\Embedded       #
#                    Workbench 6.4\arm\examples\TexasInstruments\Stellaris\bo #
#                    ards\ek-lm4f230H5QR\BBStabilizedPlatform_IR_HR\Debug\Obj #
#                    \reg.o" "C:\Program Files\IAR Systems\Embedded           #
#                    Workbench 6.4\arm\examples\TexasInstruments\Stellaris\bo #
#                    ards\ek-lm4f230H5QR\BBStabilizedPlatform_IR_HR\Debug\Obj #
#                    \rmb20d01.o" "C:\Program Files\IAR Systems\Embedded      #
#                    Workbench 6.4\arm\examples\TexasInstruments\Stellaris\bo #
#                    ards\ek-lm4f230H5QR\BBStabilizedPlatform_IR_HR\Debug\Obj #
#                    \startup.o" "C:\Program Files\IAR Systems\Embedded       #
#                    Workbench 6.4\arm\examples\TexasInstruments\Stellaris\bo #
#                    ards\ek-lm4f230H5QR\BBStabilizedPlatform_IR_HR\Debug\Obj #
#                    \uart_echo.o" "C:\Program Files\IAR Systems\Embedded     #
#                    Workbench 6.4\arm\examples\TexasInstruments\Stellaris\bo #
#                    ards\ek-lm4f230H5QR\BBStabilizedPlatform_IR_HR\Debug\Obj #
#                    \utilities.o" "C:\Program Files\IAR Systems\Embedded     #
#                    Workbench 6.4\arm\examples\TexasInstruments\Stellaris\dr #
#                    iverlib\ewarm-cm4f\Exe\driverlib-cm4f.a" --redirect      #
#                    _Printf=_PrintfFull --redirect _Scanf=_ScanfFull -o      #
#                    "C:\Program Files\IAR Systems\Embedded Workbench         #
#                    6.4\arm\examples\TexasInstruments\Stellaris\boards\ek-lm #
#                    4f230H5QR\BBStabilizedPlatform_IR_HR\Debug\Exe\Stabilize #
#                    dPlatform.out" --map "C:\Program Files\IAR               #
#                    Systems\Embedded Workbench 6.4\arm\examples\TexasInstrum #
#                    ents\Stellaris\boards\ek-lm4f230H5QR\BBStabilizedPlatfor #
#                    m_IR_HR\Debug\List\StabilizedPlatform.map" --config      #
#                    "C:\Program Files\IAR Systems\Embedded Workbench         #
#                    6.4\arm\examples\TexasInstruments\Stellaris\boards\ek-lm #
#                    4f230H5QR\BBStabilizedPlatform_IR_HR\uart_echo.icf"      #
#                    --semihosting --entry __iar_program_start --vfe          #
#                                                                             #
#                                                                             #
###############################################################################

*******************************************************************************
*** RUNTIME MODEL ATTRIBUTES
***

CppFlavor       = *
__SystemLibrary = DLib


*******************************************************************************
*** PLACEMENT SUMMARY
***

"A1":  place at start of [0x00000000-0x0003ffff] { ro section .intvec };
"P1":  place in [from 0x00000000 to 0x0003ffff] { ro };
"A2":  place at start of [0x20000000-0x20007fff] { section VTABLE };
"P2":  place in [from 0x20000000 to 0x20007fff] { rw, block HEAP };

  Section            Kind        Address    Size  Object
  -------            ----        -------    ----  ------
"A1":                                      0x26c
  .intvec            const    0x00000000   0x26c  A3906.o [1]
                            - 0x0000026c   0x26c

"P1":                                     0xaacc
  .text              ro code  0x0000026c  0x6d60  A3906.o [1]
  .text              ro code  0x00006fcc   0x2dc  sysctl.o [4]
  .text              ro code  0x000072a8   0x4c4  gpio.o [4]
  .text              ro code  0x0000776c    0x94  pwm.o [4]
  .text              ro code  0x00007800   0x16c  interrupt.o [4]
  .text              ro code  0x0000796c     0xe  A3906.o [1]
  .text              ro code  0x0000797a    0x2e  copy_init3.o [6]
  .text              ro code  0x000079a8    0x4e  FltToDbl.o [5]
  .text              ro code  0x000079f6    0x22  zero_init3.o [6]
  .text              ro code  0x00007a18   0x1a2  DblMul.o [5]
  .text              ro code  0x00007bba     0xa  xsprout.o [3]
  .text              ro code  0x00007bc4    0x90  DblToFlt.o [5]
  .text              ro code  0x00007c54    0x14  A3906.o [1]
  .text              ro code  0x00007c68    0x64  qei.o [4]
  .text              ro code  0x00007ccc     0x6  cosf.o [5]
  .text              ro code  0x00007cd2     0x6  sinf.o [5]
  .text              ro code  0x00007cd8    0x2e  DblCmpGe.o [5]
  .text              ro code  0x00007d08    0x30  I32ToDbl.o [5]
  .text              ro code  0x00007d38   0x246  DblDiv.o [5]
  .text              ro code  0x00007f80    0x58  DblToI32.o [5]
  .text              ro code  0x00007fd8    0x50  timer.o [4]
  .text              ro code  0x00008028    0x38  systick.o [4]
  .text              ro code  0x00008060    0x44  strcpy.o [6]
  .text              ro code  0x000080a4    0x36  strlen.o [6]
  .text              ro code  0x000080dc    0x34  sprintf.o [3]
  .text              ro code  0x00008110    0xdc  uart.o [4]
  .text              ro code  0x000081f0   0x8b8  pow.o [5]
  .text              ro code  0x00008aa8    0xe8  DblAdd.o [5]
  .text              ro code  0x00008b90   0x100  sqrt.o [5]
  .text              ro code  0x00008c90    0x1c  sqrtf.o [5]
  .text              ro code  0x00008cac    0x60  asinf.o [5]
  .text              ro code  0x00008d0c     0xa  adc.o [4]
  .text              ro code  0x00008d16     0xc  cstartup_M.o [6]
  .text              ro code  0x00008d22     0xe  A3906.o [1]
  .text              ro code  0x00008d30    0x10  cpu.o [4]
  .text              ro code  0x00008d40    0x76  ABImemcpy.o [6]
  .text              ro code  0x00008db8    0x66  ABImemset.o [6]
  .text              ro code  0x00008e20   0x16c  xfsin.o [5]
  .text              ro code  0x00008f8c   0xcce  xprintffull.o [3]
  .text              ro code  0x00009c5a    0x42  xdnorm.o [5]
  .text              ro code  0x00009c9c    0x7e  xdint.o [5]
  .text              ro code  0x00009d1c    0x20  DblCmpEq.o [5]
  .text              ro code  0x00009d3c     0xc  errno.o [3]
  .text              ro code  0x00009d48    0x2e  DblCmpLe.o [5]
  .text              ro code  0x00009d78   0x180  DblSub.o [5]
  .text              ro code  0x00009ef8    0xb0  xlog.o [5]
  .text              ro code  0x00009fa8   0x31e  xexp.o [5]
  .text              ro code  0x0000a2c8     0xc  iarEdom.o [6]
  .text              ro code  0x0000a2d4    0xa4  xatanf.o [5]
  .text              ro code  0x0000a378    0x1a  fpinit_M.o [5]
  .text              ro code  0x0000a394    0x16  cmain.o [6]
  .text              ro code  0x0000a3ac    0x78  ABImemmove.o [6]
  .text              ro code  0x0000a424    0xec  xfquad.o [5]
  .text              ro code  0x0000a510    0x16  strchr.o [6]
  .text              ro code  0x0000a528    0x58  memchr.o [6]
  .text              ro code  0x0000a580    0xee  I64DivMod.o [6]
  .text              ro code  0x0000a670   0x114  xdscale.o [5]
  .text              ro code  0x0000a784     0xe  div.o [3]
  .text              ro code  0x0000a792     0x2  xtls.o [3]
  .text              ro code  0x0000a794     0x4  low_level_init.o [3]
  .text              ro code  0x0000a798    0x28  data_init3.o [6]
  .text              ro code  0x0000a7c0     0x4  exit.o [3]
  .text              ro code  0x0000a7c4    0x50  xfdint.o [5]
  .text              ro code  0x0000a814   0x13c  fmodf.o [5]
  .text              ro code  0x0000a950     0x2  I64DivZer.o [6]
  .text              ro code  0x0000a954     0xa  cexit.o [6]
  .text              ro code  0x0000a960    0x14  exit.o [7]
  .rodata            const    0x0000a974    0xa0  A3906.o [1]
  .rodata            const    0x0000aa14    0x94  interrupt.o [4]
  .rodata            const    0x0000aaa8    0x78  gpio.o [4]
  .rodata            const    0x0000ab20    0x6c  sysctl.o [4]
  .iar.init_table    const    0x0000ab8c    0x2c  - Linker created -
  .rodata            const    0x0000abb8    0x14  interrupt.o [4]
  .rodata            const    0x0000abcc    0x14  interrupt.o [4]
  .rodata            const    0x0000abe0     0xc  A3906.o [1]
  .rodata            const    0x0000abec     0xc  A3906.o [1]
  .rodata            const    0x0000abf8     0xc  A3906.o [1]
  .rodata            const    0x0000ac04     0xc  A3906.o [1]
  .rodata            const    0x0000ac10     0xc  A3906.o [1]
  .rodata            const    0x0000ac1c     0xc  sysctl.o [4]
  .rodata            const    0x0000ac28     0x8  A3906.o [1]
  .rodata            const    0x0000ac30     0x8  A3906.o [1]
  .rodata            const    0x0000ac38     0x8  A3906.o [1]
  .rodata            const    0x0000ac40     0x8  A3906.o [1]
  .rodata            const    0x0000ac48     0x8  A3906.o [1]
  .rodata            const    0x0000ac50     0x8  A3906.o [1]
  .rodata            const    0x0000ac58     0x8  A3906.o [1]
  .rodata            const    0x0000ac60     0x8  A3906.o [1]
  .rodata            const    0x0000ac68     0x8  A3906.o [1]
  .rodata            const    0x0000ac70     0x8  A3906.o [1]
  .rodata            const    0x0000ac78     0x4  A3906.o [1]
  .rodata            const    0x0000ac7c     0x4  A3906.o [1]
  .rodata            const    0x0000ac80     0x4  A3906.o [1]
  .rodata            const    0x0000ac84     0x4  A3906.o [1]
  .rodata            const    0x0000ac88     0x4  A3906.o [1]
  .rodata            const    0x0000ac8c     0x4  A3906.o [1]
  .rodata            const    0x0000ac90     0x4  A3906.o [1]
  .rodata            const    0x0000ac94     0x4  A3906.o [1]
  .rodata            const    0x0000ac98     0x4  A3906.o [1]
  .rodata            const    0x0000ac9c     0x4  A3906.o [1]
  .rodata            const    0x0000aca0     0x4  A3906.o [1]
  .rodata            const    0x0000aca4     0x4  A3906.o [1]
  .rodata            const    0x0000aca8     0x0  zero_init3.o [6]
  .rodata            const    0x0000aca8     0x0  copy_init3.o [6]
  Initializer bytes  ro data  0x0000aca8    0x90  <for P2 s0>
                            - 0x0000ad38  0xaacc

"A2":                                      0x26c
  VTABLE             zero     0x20000000   0x26c  interrupt.o [4]
                            - 0x2000026c   0x26c

"P2", part 1 of 3:                          0x90
  P2 s0                       0x2000026c    0x90  <Init block>
    .data            inited   0x2000026c     0xc  A3906.o [1]
    .data            inited   0x20000278     0x8  A3906.o [1]
    .data            inited   0x20000280     0x8  A3906.o [1]
    .data            inited   0x20000288     0x8  A3906.o [1]
    .data            inited   0x20000290     0x4  A3906.o [1]
    .data            inited   0x20000294     0x4  A3906.o [1]
    .data            inited   0x20000298     0x4  A3906.o [1]
    .data            inited   0x2000029c     0x4  A3906.o [1]
    .data            inited   0x200002a0     0x4  A3906.o [1]
    .data            inited   0x200002a4     0x4  A3906.o [1]
    .data            inited   0x200002a8     0x4  A3906.o [1]
    .data            inited   0x200002ac     0x4  A3906.o [1]
    .data            inited   0x200002b0     0x4  A3906.o [1]
    .data            inited   0x200002b4     0x4  A3906.o [1]
    .data            inited   0x200002b8     0x4  A3906.o [1]
    .data            inited   0x200002bc     0x4  A3906.o [1]
    .data            inited   0x200002c0     0x4  A3906.o [1]
    .data            inited   0x200002c4     0x4  A3906.o [1]
    .data            inited   0x200002c8     0x4  A3906.o [1]
    .data            inited   0x200002cc     0x4  A3906.o [1]
    .data            inited   0x200002d0     0x4  A3906.o [1]
    .data            inited   0x200002d4     0x4  A3906.o [1]
    .data            inited   0x200002d8     0x4  A3906.o [1]
    .data            inited   0x200002dc     0x4  A3906.o [1]
    .data            inited   0x200002e0     0x4  A3906.o [1]
    .data            inited   0x200002e4     0x4  A3906.o [1]
    .data            inited   0x200002e8     0x4  A3906.o [1]
    .data            inited   0x200002ec     0x4  A3906.o [1]
    .data            inited   0x200002f0     0x4  A3906.o [1]
    .data            inited   0x200002f4     0x2  A3906.o [1]
    .data            inited   0x200002f6     0x1  A3906.o [1]
    .data            inited   0x200002f7     0x1  A3906.o [1]
    .data            inited   0x200002f8     0x1  A3906.o [1]
                            - 0x200002fc    0x90

"P2", part 2 of 3:                         0xef0
  .bss               zero     0x200002fc   0x200  A3906.o [1]
  .bss               zero     0x200004fc   0x1f8  A3906.o [1]
  .bss               zero     0x200006f4   0x160  A3906.o [1]
  .bss               zero     0x20000854   0x11c  A3906.o [1]
  .bss               zero     0x20000970   0x11c  A3906.o [1]
  .bss               zero     0x20000a8c   0x10c  A3906.o [1]
  .bss               zero     0x20000b98   0x100  A3906.o [1]
  .bss               zero     0x20000c98   0x100  A3906.o [1]
  .bss               zero     0x20000d98    0xe0  A3906.o [1]
  .bss               zero     0x20000e78    0x80  A3906.o [1]
  .bss               zero     0x20000ef8    0x5c  A3906.o [1]
  .bss               zero     0x20000f54    0x40  A3906.o [1]
  .bss               zero     0x20000f94    0x34  A3906.o [1]
  .bss               zero     0x20000fc8    0x28  A3906.o [1]
  .bss               zero     0x20000ff0    0x14  A3906.o [1]
  .bss               zero     0x20001008    0x28  A3906.o [1]
  .bss               zero     0x20001030    0x20  A3906.o [1]
  .bss               zero     0x20001050    0x20  A3906.o [1]
  .bss               zero     0x20001070    0x14  A3906.o [1]
  .bss               zero     0x20001084     0xc  A3906.o [1]
  .bss               zero     0x20001090     0xc  A3906.o [1]
  .bss               zero     0x2000109c     0x8  A3906.o [1]
  .bss               zero     0x200010a4     0x8  A3906.o [1]
  .bss               zero     0x200010ac     0x8  A3906.o [1]
  .bss               zero     0x200010b4     0x8  A3906.o [1]
  .bss               zero     0x200010bc     0x8  A3906.o [1]
  .bss               zero     0x200010c4     0x8  A3906.o [1]
  .bss               zero     0x200010cc     0x8  A3906.o [1]
  .bss               zero     0x200010d4     0x8  A3906.o [1]
  .bss               zero     0x200010dc     0x4  A3906.o [1]
  .bss               zero     0x200010e0     0x4  A3906.o [1]
  .bss               zero     0x200010e4     0x4  A3906.o [1]
  .bss               zero     0x200010e8     0x4  A3906.o [1]
  .bss               zero     0x200010ec     0x4  A3906.o [1]
  .bss               zero     0x200010f0     0x4  A3906.o [1]
  .bss               zero     0x200010f4     0x4  A3906.o [1]
  .bss               zero     0x200010f8     0x4  A3906.o [1]
  .bss               zero     0x200010fc     0x4  A3906.o [1]
  .bss               zero     0x20001100     0x4  A3906.o [1]
  .bss               zero     0x20001104     0x4  A3906.o [1]
  .bss               zero     0x20001108     0x4  A3906.o [1]
  .bss               zero     0x2000110c     0x4  A3906.o [1]
  .bss               zero     0x20001110     0x4  A3906.o [1]
  .bss               zero     0x20001114     0x4  A3906.o [1]
  .bss               zero     0x20001118     0x4  A3906.o [1]
  .bss               zero     0x2000111c     0x4  A3906.o [1]
  .bss               zero     0x20001120     0x4  A3906.o [1]
  .bss               zero     0x20001124     0x4  A3906.o [1]
  .bss               zero     0x20001128     0x4  A3906.o [1]
  .bss               zero     0x2000112c     0x4  A3906.o [1]
  .bss               zero     0x20001130     0x4  A3906.o [1]
  .bss               zero     0x20001134     0x4  A3906.o [1]
  .bss               zero     0x20001138     0x4  A3906.o [1]
  .bss               zero     0x2000113c     0x4  A3906.o [1]
  .bss               zero     0x20001140     0x4  A3906.o [1]
  .bss               zero     0x20001144     0x4  A3906.o [1]
  .bss               zero     0x20001148     0x4  A3906.o [1]
  .bss               zero     0x2000114c     0x4  A3906.o [1]
  .bss               zero     0x20001150     0x4  A3906.o [1]
  .bss               zero     0x20001154     0x4  A3906.o [1]
  .bss               zero     0x20001158     0x4  A3906.o [1]
  .bss               zero     0x2000115c     0x4  A3906.o [1]
  .bss               zero     0x20001160     0x4  A3906.o [1]
  .bss               zero     0x20001164     0x4  A3906.o [1]
  .bss               zero     0x20001168     0x4  A3906.o [1]
  .bss               zero     0x2000116c     0x4  A3906.o [1]
  .bss               zero     0x20001170     0x4  A3906.o [1]
  .bss               zero     0x20001174     0x4  A3906.o [1]
  .bss               zero     0x20001178     0x4  A3906.o [1]
  .bss               zero     0x2000117c     0x4  A3906.o [1]
  .bss               zero     0x20001180     0x4  A3906.o [1]
  .bss               zero     0x20001184     0x4  A3906.o [1]
  .bss               zero     0x20001188     0x4  A3906.o [1]
  .bss               zero     0x2000118c     0x4  A3906.o [1]
  .bss               zero     0x20001190     0x4  A3906.o [1]
  .bss               zero     0x20001194     0x4  A3906.o [1]
  .bss               zero     0x20001198     0x4  A3906.o [1]
  .bss               zero     0x2000119c     0x4  A3906.o [1]
  .bss               zero     0x200011a0     0x4  A3906.o [1]
  .bss               zero     0x200011a4     0x4  A3906.o [1]
  .bss               zero     0x200011a8     0x4  A3906.o [1]
  .bss               zero     0x200011ac     0x4  A3906.o [1]
  .bss               zero     0x200011b0     0x4  A3906.o [1]
  .bss               zero     0x200011b4     0x4  A3906.o [1]
  .bss               zero     0x200011b8     0x4  A3906.o [1]
  .bss               zero     0x200011bc     0x4  A3906.o [1]
  .bss               zero     0x200011c0     0x4  A3906.o [1]
  .bss               zero     0x200011c4     0x4  A3906.o [1]
  .bss               zero     0x200011c8     0x4  A3906.o [1]
  __DLIB_PERTHREAD   zero     0x200011cc     0x4  errno.o [3]
  .bss               zero     0x200011d0     0x2  A3906.o [1]
  .bss               zero     0x200011d2     0x2  A3906.o [1]
  .bss               zero     0x200011d4     0x1  A3906.o [1]
  .bss               zero     0x200011d5     0x1  A3906.o [1]
  .bss               zero     0x200011d6     0x1  A3906.o [1]
  .bss               zero     0x200011d7     0x1  A3906.o [1]
  .bss               zero     0x200011d8     0x1  A3906.o [1]
  .bss               zero     0x200011d9     0x1  A3906.o [1]
  .bss               zero     0x200011da     0x1  A3906.o [1]
  .bss               zero     0x200011db     0x1  A3906.o [1]
  .bss               zero     0x200011dc     0x1  A3906.o [1]
  .bss               zero     0x200011dd     0x1  A3906.o [1]
  .bss               zero     0x200011de     0x1  A3906.o [1]
  .bss               zero     0x200011df     0x1  A3906.o [1]
  .bss               zero     0x200011e0     0x1  A3906.o [1]
  .bss               zero     0x200011e1     0x1  A3906.o [1]
  .bss               zero     0x200011e2     0x1  A3906.o [1]
  .bss               zero     0x200011e3     0x1  A3906.o [1]
  .bss               zero     0x200011e4     0x1  A3906.o [1]
  .bss               zero     0x200011e5     0x1  A3906.o [1]
  .bss               zero     0x200011e6     0x1  A3906.o [1]
  .bss               zero     0x200011e7     0x1  A3906.o [1]
  .bss               zero     0x200011e8     0x1  A3906.o [1]
                            - 0x200011e9   0xeed

"P2", part 3 of 3:                         0x400
  .noinit            uninit   0x200011ec   0x400  A3906.o [1]
                            - 0x200015ec   0x400


*******************************************************************************
*** INIT TABLE
***

          Address     Size
          -------     ----
Zero (__iar_zero_init3)
    2 destination ranges, total size 0x1159:
          0x20000000  0x26c
          0x200002fc  0xeed

Copy (__iar_copy_init3)
    1 source range, total size 0x90 (102% of destination):
          0x0000aca8   0x90
    1 destination range, total size 0x8d:
          0x2000026c   0x8d



*******************************************************************************
*** MODULE SUMMARY
***

    Module            ro code  ro data  rw data
    ------            -------  -------  -------
C:\Program Files\IAR Systems\Embedded Workbench 6.4\arm\examples\TexasInstruments\Stellaris\boards\ek-lm4f230H5QR\BBStabilizedPlatform_IR_HR\Debug\Obj: [1]
    A3906.o            28 048    1 109    4 978
    -------------------------------------------
    Total:             28 048    1 109    4 978

command line: [2]
    -------------------------------------------
    Total:

dl7M_tln.a: [3]
    div.o                  14
    errno.o                12                 4
    exit.o                  4
    low_level_init.o        4
    sprintf.o              52
    xprintffull.o       3 278
    xsprout.o              10
    xtls.o                  2
    -------------------------------------------
    Total:              3 376                 4

driverlib-cm4f.a: [4]
    adc.o                  10
    cpu.o                  16
    gpio.o              1 220      120
    interrupt.o           364      188      620
    pwm.o                 148
    qei.o                 100
    sysctl.o              732      120
    systick.o              56
    timer.o                80
    uart.o                220
    -------------------------------------------
    Total:              2 946      428      620

m7M_tlv.a: [5]
    DblAdd.o              232
    DblCmpEq.o             32
    DblCmpGe.o             46
    DblCmpLe.o             46
    DblDiv.o              582
    DblMul.o              418
    DblSub.o              384
    DblToFlt.o            144
    DblToI32.o             88
    FltToDbl.o             78
    I32ToDbl.o             48
    asinf.o                96
    cosf.o                  6
    fmodf.o               316
    fpinit_M.o             26
    pow.o               2 232
    sinf.o                  6
    sqrt.o                256
    sqrtf.o                28
    xatanf.o              164
    xdint.o               126
    xdnorm.o               66
    xdscale.o             276
    xexp.o                798
    xfdint.o               80
    xfquad.o              236
    xfsin.o               364
    xlog.o                176
    -------------------------------------------
    Total:              7 350

rt7M_tl.a: [6]
    ABImemcpy.o           118
    ABImemmove.o          120
    ABImemset.o           102
    I64DivMod.o           238
    I64DivZer.o             2
    cexit.o                10
    cmain.o                22
    copy_init3.o           46
    cstartup_M.o           12
    data_init3.o           40
    iarEdom.o              12
    memchr.o               88
    strchr.o               22
    strcpy.o               68
    strlen.o               54
    zero_init3.o           34
    -------------------------------------------
    Total:                988

shb_l.a: [7]
    exit.o                 20
    -------------------------------------------
    Total:                 20

    Gaps                   32                 4
    Linker created                  47
-----------------------------------------------
    Grand Total:       42 760    1 584    5 606


*******************************************************************************
*** ENTRY LIST
***

Entry                      Address   Size  Type      Object
-----                      -------   ----  ----      ------
?main                   0x0000a395         Code  Gb  cmain.o [6]
A3906Action             0x00000385    0x8  Code  Gb  A3906.o [1]
A3906Init               0x0000026d  0x118  Code  Gb  A3906.o [1]
AAx                     0x200011a4    0x4  Data  Gb  A3906.o [1]
AAy                     0x200011a8    0x4  Data  Gb  A3906.o [1]
ADCIntClear             0x00008d0d    0xa  Code  Gb  adc.o [4]
ADCIntHandler           0x0000695d   0x90  Code  Gb  A3906.o [1]
AHRS                    0x00006673   0x16  Code  Gb  A3906.o [1]
AHRS_Init               0x00006659   0x1a  Code  Gb  A3906.o [1]
AHRS_Step_c             0x000066ad  0x24a  Code  Gb  A3906.o [1]
A_FAST_VER              0x20000298    0x4  Data  Gb  A3906.o [1]
A_HOR                   0x20000290    0x4  Data  Gb  A3906.o [1]
Ax                      0x2000118c    0x4  Data  Gb  A3906.o [1]
Axm                     0x20001198    0x4  Data  Gb  A3906.o [1]
Ay                      0x20001190    0x4  Data  Gb  A3906.o [1]
Aym                     0x2000119c    0x4  Data  Gb  A3906.o [1]
Az                      0x20001194    0x4  Data  Gb  A3906.o [1]
Azm                     0x200011a0    0x4  Data  Gb  A3906.o [1]
BBLedInit               0x00001421   0x1a  Code  Gb  A3906.o [1]
BBLedToggle             0x00001441   0x3a  Code  Gb  A3906.o [1]
BBVersion               0x200002f0    0x4  Data  Gb  A3906.o [1]
BMA180Action            0x00000639    0xa  Code  Gb  A3906.o [1]
BMA180GetXYZ            0x00000643   0x30  Code  Gb  A3906.o [1]
BMA180Init              0x00000507  0x132  Code  Gb  A3906.o [1]
BMA180values            0x200010b4    0x8  Data  Gb  A3906.o [1]
B_FAST_VER              0x2000029c    0x4  Data  Gb  A3906.o [1]
B_HOR                   0x20000294    0x4  Data  Gb  A3906.o [1]
BbTxBuffer              0x20000b98  0x100  Data  Gb  A3906.o [1]
BirdStatus              0x20001154    0x4  Data  Gb  A3906.o [1]
BirdStatusResponse      0x0000594d  0x1ce  Code  Gb  A3906.o [1]
BitMode                 0x00000e29   0x12  Code  Gb  A3906.o [1]
CPUcpsid                0x00008d31    0x8  Code  Gb  cpu.o [4]
CPUcpsie                0x00008d39    0x8  Code  Gb  cpu.o [4]
CalculateChecksumMsg    0x00003619   0x28  Code  Gb  A3906.o [1]
CenterMode              0x00000e3b   0x84  Code  Gb  A3906.o [1]
Checksum                0x000035ed   0x22  Code  Gb  A3906.o [1]
ContropMessageLoop      0x00003209  0x2c0  Code  Gb  A3906.o [1]
DL_PITCH_SAT            0x200002e8    0x4  Data  Gb  A3906.o [1]
DL_ROLL_SAT             0x200002e0    0x4  Data  Gb  A3906.o [1]
DMCmode                 0x200002f4    0x2  Data  Gb  A3906.o [1]
Disabled_ARC            0x00003c41   0x2a  Code  Gb  A3906.o [1]
Disabled_CIC            0x00003c29    0xc  Code  Gb  A3906.o [1]
Enabled_ARC             0x00003c6b   0x2a  Code  Gb  A3906.o [1]
Enabled_CIC             0x00003c35    0xc  Code  Gb  A3906.o [1]
EncoderInit2Point       0x00005f71   0x64  Code  Gb  A3906.o [1]
EncoderInitReset        0x00005d49  0x228  Code  Gb  A3906.o [1]
EncoderLinesSet         0x00006633   0x1e  Code  Gb  A3906.o [1]
EncoderTick             0x00006461  0x1d2  Code  Gb  A3906.o [1]
EncoderWhile2Point      0x00005fd9   0xba  Code  Gb  A3906.o [1]
Encoder_Init            0x000062cd  0x17c  Code  Gb  A3906.o [1]
FreezeUnfreezeVideo     0x00004949   0x4e  Code  Gb  A3906.o [1]
GPIODirModeSet          0x000073ab   0x48  Code  Gb  gpio.o [4]
GPIOGetIntNumber        0x000072a9  0x102  Code  Lc  gpio.o [4]
GPIOIntTypeSet          0x000073f3   0x5c  Code  Gb  gpio.o [4]
GPIOPadConfigSet        0x0000744f  0x110  Code  Gb  gpio.o [4]
GPIOPinConfigure        0x000076b7   0x44  Code  Gb  gpio.o [4]
GPIOPinInit             0x00000725   0xdc  Code  Gb  A3906.o [1]
GPIOPinIntClear         0x00007585    0x8  Code  Gb  gpio.o [4]
GPIOPinIntEnable        0x0000755f   0x12  Code  Gb  gpio.o [4]
GPIOPinIntStatus        0x00007571   0x14  Code  Gb  gpio.o [4]
GPIOPinTypeGPIOInput    0x000075ab   0x22  Code  Gb  gpio.o [4]
GPIOPinTypeGPIOOutput   0x000075cd   0x22  Code  Gb  gpio.o [4]
GPIOPinTypeI2C          0x000075ef   0x22  Code  Gb  gpio.o [4]
GPIOPinTypeI2CSCL       0x00007611   0x40  Code  Gb  gpio.o [4]
GPIOPinTypePWM          0x00007651   0x22  Code  Gb  gpio.o [4]
GPIOPinTypeQEI          0x00007673   0x22  Code  Gb  gpio.o [4]
GPIOPinTypeUART         0x00007695   0x22  Code  Gb  gpio.o [4]
GPIOPortIntRegister     0x0000758d   0x1e  Code  Gb  gpio.o [4]
GeneralPitchRoll        0x0000040b   0xfc  Code  Gb  A3906.o [1]
GetDMCflag              0x00000aa1    0xa  Code  Gb  A3906.o [1]
GetDMCmode              0x0000364d    0x8  Code  Gb  A3906.o [1]
GetEmbeddedUIInitStatus
                        0x00005b21  0x168  Code  Gb  A3906.o [1]
GetSysTickCount         0x000023b1    0x8  Code  Gb  A3906.o [1]
GraphicsOffOn           0x00000dc3   0x58  Code  Gb  A3906.o [1]
GraphicsOnOff           0x00005495  0x176  Code  Gb  A3906.o [1]
HardwareInit            0x000021f5   0xb6  Code  Gb  A3906.o [1]
HoldCoordinateMode      0x00000be9   0x7c  Code  Gb  A3906.o [1]
I2C0IntHandler          0x000014ed  0x286  Code  Gb  A3906.o [1]
IL_PITCH_SAT            0x200002ec    0x4  Data  Gb  A3906.o [1]
IL_ROLL_SAT             0x200002e4    0x4  Data  Gb  A3906.o [1]
ITG3200Action           0x000008c5    0xa  Code  Gb  A3906.o [1]
ITG3200AtRest           0x200010c4    0x8  Data  Gb  A3906.o [1]
ITG3200Init             0x00000801   0xc4  Code  Gb  A3906.o [1]
ITG3200getXYZ           0x000008cf   0x3e  Code  Gb  A3906.o [1]
ITG3200values           0x200010bc    0x8  Data  Gb  A3906.o [1]
Init                    0x200011e3    0x1  Data  Gb  A3906.o [1]
InitParams              0x00002e55   0x48  Code  Gb  A3906.o [1]
InitUART                0x00006a43  0x11e  Code  Gb  A3906.o [1]
Init_DRC_Gain_Params    0x000026ad   0x24  Code  Gb  A3906.o [1]
Init_LABEL_Roll_Pitch   0x000027cd  0x66c  Code  Gb  A3906.o [1]
Init_m_Zoom_Flip        0x000026e9   0x48  Code  Gb  A3906.o [1]
IntDisable              0x000078e7   0x68  Code  Gb  interrupt.o [4]
IntEnable               0x0000787f   0x68  Code  Gb  interrupt.o [4]
IntGPIOA                0x00000673   0x5c  Code  Gb  A3906.o [1]
IntGPIOE                0x000006cf   0x56  Code  Gb  A3906.o [1]
IntMasterDisable        0x0000780b    0xa  Code  Gb  interrupt.o [4]
IntMasterEnable         0x00007801    0xa  Code  Gb  interrupt.o [4]
IntPrioritySet          0x00007849   0x36  Code  Gb  interrupt.o [4]
IntRegister             0x00007815   0x34  Code  Gb  interrupt.o [4]
InterpretCmd            0x000013fb   0x20  Code  Gb  A3906.o [1]
InterpretCmdMode        0x00000ebf   0xb4  Code  Gb  A3906.o [1]
InterpretCorrelatorMode
                        0x000012e1  0x11a  Code  Gb  A3906.o [1]
LOS_Pitch               0x000012bf   0x16  Code  Gb  A3906.o [1]
LOS_Roll                0x000012a9   0x16  Code  Gb  A3906.o [1]
LabelCmdMsg             0x200006f4  0x160  Data  Gb  A3906.o [1]
MAG3110Action           0x000014ad    0xa  Code  Gb  A3906.o [1]
MainModeLoop            0x00003661   0x34  Code  Gb  A3906.o [1]
MasterI2C0Init          0x0000182b   0x70  Code  Gb  A3906.o [1]
MasterI2C0Read          0x00001773   0x5c  Code  Gb  A3906.o [1]
MasterI2C0Write         0x000017cf   0x5c  Code  Gb  A3906.o [1]
Measurements            0x20001070   0x14  Data  Gb  A3906.o [1]
ModeVec                 0x0000a974   0xa0  Data  Gb  A3906.o [1]
Motor                   0x20000d98   0xe0  Data  Gb  A3906.o [1]
MotorBrakePositionClean
                        0x00005cf5   0x4a  Code  Gb  A3906.o [1]
MotorBrakePositionSet   0x00005c89   0x66  Code  Gb  A3906.o [1]
NullMode                0x0000369d    0x4  Code  Gb  A3906.o [1]
ObservationMode         0x00000ad1   0x74  Code  Gb  A3906.o [1]
OfflineState            0x00003a41   0x3a  Code  Gb  A3906.o [1]
OmapMessageLoop         0x00002e9d  0x340  Code  Gb  A3906.o [1]
OnOffStabilize          0x00005459   0x16  Code  Gb  A3906.o [1]
OnlineState             0x00003729  0x30c  Code  Gb  A3906.o [1]
OpenCloseShutter        0x000041b5  0x2bc  Code  Gb  A3906.o [1]
PWMGenConfigure         0x0000776d   0x28  Code  Gb  pwm.o [4]
PWMGenEnable            0x000077a9    0xa  Code  Gb  pwm.o [4]
PWMGenPeriodSet         0x00007795   0x14  Code  Gb  pwm.o [4]
PWMOutputInvert         0x000077e9   0x18  Code  Gb  pwm.o [4]
PWMOutputState          0x000077d1   0x18  Code  Gb  pwm.o [4]
PWMPulseWidthSet        0x000077b3   0x1e  Code  Gb  pwm.o [4]
Payload_type            0x200002f7    0x1  Data  Gb  A3906.o [1]
Phi                     0x20001180    0x4  Data  Gb  A3906.o [1]
Phic                    0x20001184    0x4  Data  Gb  A3906.o [1]
PilotWindowMode         0x00000d05   0x60  Code  Gb  A3906.o [1]
PointCoordinateMode     0x00000b4d   0x7c  Code  Gb  A3906.o [1]
Put_Text_Label          0x00005329  0x118  Code  Gb  A3906.o [1]
QEI0IntHandler          0x00006099  0x112  Code  Gb  A3906.o [1]
QEI1IntHandler          0x000061b5  0x112  Code  Gb  A3906.o [1]
QEIConfigure            0x00007c73    0xe  Code  Gb  qei.o [4]
QEIDirectionGet         0x00007c89   0x10  Code  Gb  qei.o [4]
QEIEnable               0x00007c69    0xa  Code  Gb  qei.o [4]
QEIIntClear             0x00007cc9    0x4  Code  Gb  qei.o [4]
QEIIntEnable            0x00007cb3    0x8  Code  Gb  qei.o [4]
QEIIntStatus            0x00007cbb    0xe  Code  Gb  qei.o [4]
QEIPositionGet          0x00007c81    0x4  Code  Gb  qei.o [4]
QEIPositionSet          0x00007c85    0x4  Code  Gb  qei.o [4]
QEIVelocityConfigure    0x00007ca3   0x10  Code  Gb  qei.o [4]
QEIVelocityEnable       0x00007c99    0xa  Code  Gb  qei.o [4]
RateMode                0x00000c6d   0x98  Code  Gb  A3906.o [1]
RefreshNUCDataCommand   0x00004479   0xaa  Code  Gb  A3906.o [1]
Region$$Table$$Base     0x0000ab8c          --   Gb  - Linker created -
Region$$Table$$Limit    0x0000abb8          --   Gb  - Linker created -
Register                0x20001050   0x20  Data  Gb  A3906.o [1]
ReportData              0x0000090d  0x194  Code  Gb  A3906.o [1]
ResetISR                0x000069fd   0x18  Code  Gb  A3906.o [1]
SetA3906Logic           0x0000038d   0x7e  Code  Gb  A3906.o [1]
SetBitMode              0x0000585d   0xe4  Code  Gb  A3906.o [1]
SetContrastBrithness    0x00005629  0x112  Code  Gb  A3906.o [1]
SetDMCflag              0x00000aab   0x24  Code  Gb  A3906.o [1]
SetGPIOReg              0x00006909   0x4e  Code  Gb  A3906.o [1]
SetRelativeInertial     0x000018a9   0x54  Code  Gb  A3906.o [1]
SetTextLabelCommand     0x00005045  0x2cc  Code  Gb  A3906.o [1]
Set_LABEL_Visibility    0x00005449   0x10  Code  Gb  A3906.o [1]
ShutterReadStatus       0x00003c95   0x3a  Code  Gb  A3906.o [1]
ShutterWriteStatus      0x00003cd5   0x3a  Code  Gb  A3906.o [1]
SoftwareInit            0x000022ab   0x10  Code  Gb  A3906.o [1]
Stabilize               0x000019b9  0x82e  Code  Gb  A3906.o [1]
StabilizeInit           0x000018fd   0x86  Code  Gb  A3906.o [1]
Stabilize_status        0x200011e0    0x1  Data  Gb  A3906.o [1]
StowMode                0x00000d6d   0x56  Code  Gb  A3906.o [1]
SysCtlClockGet          0x00007019  0x230  Code  Gb  sysctl.o [4]
SysCtlPWMClockSet       0x00007249   0x10  Code  Gb  sysctl.o [4]
SysCtlPeripheralEnable  0x00006fcd   0x4c  Code  Gb  sysctl.o [4]
SysTickCountd           0x20001150    0x4  Data  Gb  A3906.o [1]
SysTickEnable           0x00008029    0xe  Code  Gb  systick.o [4]
SysTickInit             0x000023bd   0x1a  Code  Gb  A3906.o [1]
SysTickIntEnable        0x00008037    0xe  Code  Gb  systick.o [4]
SysTickIntHandler       0x0000239d   0x10  Code  Gb  A3906.o [1]
SysTickPeriodSet        0x00008045    0x8  Code  Gb  systick.o [4]
SysTickValueGet         0x0000804d    0x6  Code  Gb  systick.o [4]
Tec_Read_Handler        0x000049b1   0xe4  Code  Gb  A3906.o [1]
Theta                   0x200011ac    0x4  Data  Gb  A3906.o [1]
Thetac                  0x20001188    0x4  Data  Gb  A3906.o [1]
Timer0IntHandler        0x00002329   0x24  Code  Gb  A3906.o [1]
Timer1IntHandler        0x00002359   0x40  Code  Gb  A3906.o [1]
TimerConfigure          0x00007fe7   0x20  Code  Gb  timer.o [4]
TimerEnable             0x00007fd9    0xe  Code  Gb  timer.o [4]
TimerInit               0x000023d7   0x48  Code  Gb  A3906.o [1]
TimerIntClear           0x00008025    0x4  Code  Gb  timer.o [4]
TimerIntEnable          0x0000801d    0x8  Code  Gb  timer.o [4]
TimerLoadSet            0x0000800d   0x10  Code  Gb  timer.o [4]
UART0IntHandler         0x00006b69   0x86  Code  Gb  A3906.o [1]
UART0Send               0x00006c93  0x128  Code  Gb  A3906.o [1]
UART1IntHandler         0x00006c0d   0x86  Code  Gb  A3906.o [1]
UART1Send               0x00006dc1  0x104  Code  Gb  A3906.o [1]
UARTCharGetNonBlocking  0x000081a7   0x10  Code  Gb  uart.o [4]
UARTCharPutNonBlocking  0x000081b7   0x12  Code  Gb  uart.o [4]
UARTCharsAvail          0x00008195   0x12  Code  Gb  uart.o [4]
UARTConfigSetExpClk     0x00008111   0x52  Code  Gb  uart.o [4]
UARTDisable             0x00008177   0x18  Code  Gb  uart.o [4]
UARTEnable              0x00008163   0x14  Code  Gb  uart.o [4]
UARTIntClear            0x000081e9    0x4  Code  Gb  uart.o [4]
UARTIntDisable          0x000081d1    0xa  Code  Gb  uart.o [4]
UARTIntEnable           0x000081c9    0x8  Code  Gb  uart.o [4]
UARTIntStatus           0x000081db    0xe  Code  Gb  uart.o [4]
UavLatitude             0x00000f99  0x22c  Code  Gb  A3906.o [1]
UavLongitude            0x000011c5   0xbe  Code  Gb  A3906.o [1]
Update2P                0x00004acd  0x578  Code  Gb  A3906.o [1]
UpdateGainLevel         0x00005745  0x10e  Code  Gb  A3906.o [1]
UploadEngineVersion     0x00003a91  0x16e  Code  Gb  A3906.o [1]
UploadGeneralParameters
                        0x00003bff   0x2a  Code  Gb  A3906.o [1]
UploadHFlipDisable      0x00004141   0x4a  Code  Gb  A3906.o [1]
UploadHFlipEnable       0x000040ed   0x4a  Code  Gb  A3906.o [1]
UploadVFlipDisable      0x000040a3   0x4a  Code  Gb  A3906.o [1]
UploadVFlipEnable       0x00004059   0x4a  Code  Gb  A3906.o [1]
UploadZoomPosition      0x00004909   0x3c  Code  Gb  A3906.o [1]
WhiteBlackHot           0x00003d29  0x32e  Code  Gb  A3906.o [1]
ZoomFlippingCommand     0x00004551  0x3b4  Code  Gb  A3906.o [1]
_GenldFull              0x000099ad  0x266  Code  Lc  xprintffull.o [3]
_LdtobFull              0x000095ad  0x3fa  Code  Lc  xprintffull.o [3]
_LitobFull              0x00009497  0x10e  Code  Lc  xprintffull.o [3]
_PrintfFull             0x00008f8d  0x504  Code  Gb  xprintffull.o [3]
_PutcharsFull           0x00009c13   0x2e  Code  Lc  xprintffull.o [3]
_SProut                 0x00007bbb    0xa  Code  Gb  xsprout.o [3]
__aeabi_cdcmpeq         0x00009d1d         Code  Gb  DblCmpEq.o [5]
__aeabi_cdcmple         0x00009d49         Code  Gb  DblCmpLe.o [5]
__aeabi_cdrcmple        0x00007cd9         Code  Gb  DblCmpGe.o [5]
__aeabi_d2f             0x00007bc5         Code  Gb  DblToFlt.o [5]
__aeabi_d2iz            0x00007f81         Code  Gb  DblToI32.o [5]
__aeabi_d2uiz           0x00007fad         Code  Gb  DblToI32.o [5]
__aeabi_dadd            0x00008aa9         Code  Gb  DblAdd.o [5]
__aeabi_ddiv            0x00007d39         Code  Gb  DblDiv.o [5]
__aeabi_dmul            0x00007a19         Code  Gb  DblMul.o [5]
__aeabi_dsub            0x00009d79         Code  Gb  DblSub.o [5]
__aeabi_errno_addr      0x00009d3d    0x6  Code  Gb  errno.o [3]
__aeabi_f2d             0x000079a9         Code  Gb  FltToDbl.o [5]
__aeabi_i2d             0x00007d09         Code  Gb  I32ToDbl.o [5]
__aeabi_ldiv0           0x0000a951         Code  Gb  I64DivZer.o [6]
__aeabi_memcpy          0x00008d41         Code  Gb  ABImemcpy.o [6]
__aeabi_memcpy4         0x00008d61         Code  Gb  ABImemcpy.o [6]
__aeabi_memcpy8         0x00008d61         Code  Gb  ABImemcpy.o [6]
__aeabi_memmove         0x0000a3ad         Code  Gb  ABImemmove.o [6]
__aeabi_memmove4        0x0000a3ad         Code  Gb  ABImemmove.o [6]
__aeabi_memmove8        0x0000a3ad         Code  Gb  ABImemmove.o [6]
__aeabi_memset          0x00008db9         Code  Gb  ABImemset.o [6]
__aeabi_ui2d            0x00007d1d         Code  Gb  I32ToDbl.o [5]
__aeabi_uldivmod        0x0000a581         Code  Gb  I64DivMod.o [6]
__cmain                 0x0000a395         Code  Gb  cmain.o [6]
__exit                  0x0000a961   0x14  Code  Gb  exit.o [7]
__iar_Dint              0x00009c9d   0x7e  Code  Gb  xdint.o [5]
__iar_Dnorm             0x00009c5b   0x42  Code  Gb  xdnorm.o [5]
__iar_Dscale            0x0000a671  0x114  Code  Gb  xdscale.o [5]
__iar_Errno             0x200011cc    0x4  Data  Gb  errno.o [3]
__iar_Exp               0x00009fa9  0x2ac  Code  Gb  xexp.o [5]
__iar_FDint             0x0000a7c5   0x50  Code  Gb  xfdint.o [5]
__iar_FQuad             0x0000a425   0xc2  Code  Gb  xfquad.o [5]
__iar_FSin              0x00008e21  0x12a  Code  Gb  xfsin.o [5]
__iar_Logpoly           0x00009ef9   0x76  Code  Gb  xlog.o [5]
__iar_Memchr            0x0000a529         Code  Gb  memchr.o [6]
__iar_Memset            0x00008db9         Code  Gb  ABImemset.o [6]
__iar_Memset_word       0x00008dc1         Code  Gb  ABImemset.o [6]
__iar_Strchr            0x0000a511         Code  Gb  strchr.o [6]
__iar_copy_init3        0x0000797b   0x2e  Code  Gb  copy_init3.o [6]
__iar_d2uiz             0x00007fb9         Code  Gb  DblToI32.o [5]
__iar_dadd              0x00008abd         Code  Gb  DblAdd.o [5]
__iar_data_init3        0x0000a799   0x28  Code  Gb  data_init3.o [6]
__iar_dlib_perthread_access
                        0x0000a793    0x2  Code  Gb  xtls.o [3]
__iar_dsub              0x00009d8d         Code  Gb  DblSub.o [5]
__iar_dsubStart         0x00009d9f         Code  Gb  DblSub.o [5]
__iar_edom              0x0000a2c9         Code  Gb  iarEdom.o [6]
__iar_init_vfp          0x0000a379         Code  Gb  fpinit_M.o [5]
__iar_program_start     0x00008d17         Code  Gb  cstartup_M.o [6]
__iar_sqrt              0x00008ba1         Code  Gb  sqrt.o [5]
__iar_ui2d              0x00007d21         Code  Gb  I32ToDbl.o [5]
__iar_vfp_fmodf         0x0000a815         Code  Gb  fmodf.o [5]
__iar_vfp_pow           0x00008667   0x18  Code  Gb  pow.o [5]
__iar_vfp_sqrt          0x00008b91         Code  Gb  sqrt.o [5]
__iar_vfp_sqrtl         0x00008b91         Code  Gb  sqrt.o [5]
__iar_xatanf            0x0000a2d5         Code  Gb  xatanf.o [5]
__iar_zero_init3        0x000079f7   0x22  Code  Gb  zero_init3.o [6]
__low_level_init        0x0000a795    0x4  Code  Gb  low_level_init.o [3]
__vector_table          0x00000000  0x26c  Data  Gb  A3906.o [1]
_call_main              0x0000a3a1         Code  Gb  cmain.o [6]
_exit                   0x0000a955         Code  Gb  cexit.o [6]
_main                   0x0000a3a7         Code  Gb  cmain.o [6]
asinf                   0x00008cad         Code  Gb  asinf.o [5]
bmaregs                 0x20000ef8   0x5c  Data  Gb  A3906.o [1]
brakeOnChange           0x200011d4    0x1  Data  Gb  A3906.o [1]
cAx                     0x0000ac78    0x4  Data  Gb  A3906.o [1]
cAxx                    0x0000ac7c    0x4  Data  Gb  A3906.o [1]
cAxy                    0x0000ac80    0x4  Data  Gb  A3906.o [1]
cAxz                    0x0000ac84    0x4  Data  Gb  A3906.o [1]
cAy                     0x0000ac88    0x4  Data  Gb  A3906.o [1]
cAyx                    0x0000ac8c    0x4  Data  Gb  A3906.o [1]
cAyy                    0x0000ac90    0x4  Data  Gb  A3906.o [1]
cAyz                    0x0000ac94    0x4  Data  Gb  A3906.o [1]
cAz                     0x0000ac98    0x4  Data  Gb  A3906.o [1]
cAzx                    0x0000ac9c    0x4  Data  Gb  A3906.o [1]
cAzy                    0x0000aca0    0x4  Data  Gb  A3906.o [1]
cAzz                    0x0000aca4    0x4  Data  Gb  A3906.o [1]
cThetac                 0x200011b4    0x4  Data  Gb  A3906.o [1]
close_shutter           0x20000280    0x8  Data  Gb  A3906.o [1]
cosf                    0x00007ccd    0x6  Code  Gb  cosf.o [5]
cpGetMessage            0x0000359d   0x10  Code  Gb  A3906.o [1]
cpGetMessageCommand     0x00003575   0x24  Code  Gb  A3906.o [1]
cpGetMessageData        0x000035b5   0x16  Code  Gb  A3906.o [1]
cpGetMessageDataLen     0x000035d1   0x14  Code  Gb  A3906.o [1]
cpMessageReady          0x0000355d   0x10  Code  Gb  A3906.o [1]
cpPutMessage            0x000034fd   0x5a  Code  Gb  A3906.o [1]
cpReset                 0x000025e9   0xa6  Code  Gb  A3906.o [1]
cpib                    0x20000fc8   0x28  Data  Gb  A3906.o [1]
ctrl                    0x200004fc  0x1f8  Data  Gb  A3906.o [1]
dcycle                  0x200010a4    0x8  Data  Gb  A3906.o [1]
desiredencoder          0x2000109c    0x8  Data  Gb  A3906.o [1]
div                     0x0000a785    0xe  Code  Gb  div.o [3]
e_pos_pitch             0x20001130    0x4  Data  Gb  A3906.o [1]
e_pos_roll              0x20001110    0x4  Data  Gb  A3906.o [1]
e_rate_pitch            0x20001138    0x4  Data  Gb  A3906.o [1]
e_rate_roll             0x20001118    0x4  Data  Gb  A3906.o [1]
exit                    0x0000a7c1    0x4  Code  Gb  exit.o [3]
fmodf                   0x0000a81d         Code  Gb  fmodf.o [5]
g                       0x200011bc    0x4  Data  Gb  A3906.o [1]
g_curentmode            0x200002f6    0x1  Data  Gb  A3906.o [1]
g_fmaximum_hor_rate     0x200002a4    0x4  Data  Gb  A3906.o [1]
g_fmaximum_ver_rate     0x200002a0    0x4  Data  Gb  A3906.o [1]
g_pfnRAMVectors         0x20000000  0x26c  Data  Lc  interrupt.o [4]
g_pulDisRegs            0x0000abcc   0x14  Data  Lc  interrupt.o [4]
g_pulEnRegs             0x0000abb8   0x14  Data  Lc  interrupt.o [4]
g_pulGPIOBaseAddrs      0x0000aaa8   0x78  Data  Lc  gpio.o [4]
g_pulRCGCRegs           0x0000ac1c    0xc  Data  Lc  sysctl.o [4]
g_pulRegs               0x0000aa14   0x94  Data  Lc  interrupt.o [4]
g_pulXtals              0x0000ab20   0x6c  Data  Lc  sysctl.o [4]
g_sendBuffer            0x20001030   0x20  Data  Gb  A3906.o [1]
g_tbstabilizer          0x200002f8    0x1  Data  Gb  A3906.o [1]
g_ucOversampleIdx       0x200011c8    0x4  Data  Gb  A3906.o [1]
g_ucid_lebel            0x200011dd    0x1  Data  Gb  A3906.o [1]
g_ucvisible_lebel       0x200011de    0x1  Data  Gb  A3906.o [1]
g_ulAverage             0x200011c0    0x4  Data  Gb  A3906.o [1]
g_ulSampleBuffer        0x20000e78   0x80  Data  Gb  A3906.o [1]
g_ulSum                 0x200011c4    0x4  Data  Gb  A3906.o [1]
g_ulTickCount           0x2000114c    0x4  Data  Gb  A3906.o [1]
g_uldutycycle           0x20001108    0x4  Data  Gb  A3906.o [1]
horizontal              0x200010ec    0x4  Data  Gb  A3906.o [1]
ignorejoystick          0x200011dc    0x1  Data  Gb  A3906.o [1]
init_ctrl               0x00002441  0x19a  Code  Gb  A3906.o [1]
internal_Pow            0x000081f1  0x46c  Code  Lc  pow.o [5]
io_rate_pitch           0x20001148    0x4  Data  Gb  A3906.o [1]
itgready                0x200011d6    0x1  Data  Gb  A3906.o [1]
itgregs                 0x20000f54   0x40  Data  Gb  A3906.o [1]
k_8_pitch               0x200002d0    0x4  Data  Gb  A3906.o [1]
k_8_roll                0x200002b4    0x4  Data  Gb  A3906.o [1]
k_9_pitch               0x200002d4    0x4  Data  Gb  A3906.o [1]
k_9_roll                0x200002b8    0x4  Data  Gb  A3906.o [1]
k_a_pitch               0x200002c4    0x4  Data  Gb  A3906.o [1]
k_a_roll                0x200002a8    0x4  Data  Gb  A3906.o [1]
k_g_pitch               0x200002c8    0x4  Data  Gb  A3906.o [1]
k_g_roll                0x200002ac    0x4  Data  Gb  A3906.o [1]
k_i_pitch               0x200002cc    0x4  Data  Gb  A3906.o [1]
k_i_pitch_0             0x200002d8    0x4  Data  Gb  A3906.o [1]
k_i_pitch_1             0x200002dc    0x4  Data  Gb  A3906.o [1]
k_i_roll                0x200002b0    0x4  Data  Gb  A3906.o [1]
k_i_roll_0              0x200002bc    0x4  Data  Gb  A3906.o [1]
k_i_roll_1              0x200002c0    0x4  Data  Gb  A3906.o [1]
lnbias                  0x00008688  0x420  Data  Lc  pow.o [5]
m_ALG_Params            0x20001084    0xc  Data  Gb  A3906.o [1]
m_ARC_Params            0x200010cc    0x8  Data  Gb  A3906.o [1]
m_CIC_Params            0x20000970  0x11c  Data  Gb  A3906.o [1]
m_Contrast_Set          0x20001158    0x4  Data  Gb  A3906.o [1]
m_Frm_Avg_Params        0x20000a8c  0x10c  Data  Gb  A3906.o [1]
m_Gain_Params           0x200010d4    0x8  Data  Gb  A3906.o [1]
m_NUC_Params            0x20000854  0x11c  Data  Gb  A3906.o [1]
m_TEC_Params            0x20001008   0x28  Data  Gb  A3906.o [1]
m_Zoom_Flip             0x20001090    0xc  Data  Gb  A3906.o [1]
m_nTxBuffIn             0x200011e5    0x1  Data  Gb  A3906.o [1]
m_nTxBuffIn1            0x200011e7    0x1  Data  Gb  A3906.o [1]
m_nTxNextNdx            0x200011e6    0x1  Data  Gb  A3906.o [1]
m_nTxNextNdx1           0x200011e8    0x1  Data  Gb  A3906.o [1]
m_tTxBuff               0x20000f94   0x34  Data  Gb  A3906.o [1]
m_tTxBuff1              0x20000c98  0x100  Data  Gb  A3906.o [1]
magready                0x200011d9    0x1  Data  Gb  A3906.o [1]
main                    0x000022bb   0x6e  Code  Gb  A3906.o [1]
mdirection              0x200010ac    0x8  Data  Gb  A3906.o [1]
memchr                  0x0000a529         Code  Gb  memchr.o [6]
memcpy                  0x0000796d    0xe  Code  Gb  A3906.o [1]
memmove                 0x00008d23    0xe  Code  Gb  A3906.o [1]
memset                  0x00007c55   0x14  Code  Gb  A3906.o [1]
message                 0x200002fc  0x200  Data  Gb  A3906.o [1]
motorinterrupt          0x200010e0    0x4  Data  Gb  A3906.o [1]
new_adc                 0x200011e4    0x1  Data  Gb  A3906.o [1]
omega_horizontal        0x20001104    0x4  Data  Gb  A3906.o [1]
omega_vertical          0x20001100    0x4  Data  Gb  A3906.o [1]
open_shutter            0x20000288    0x8  Data  Gb  A3906.o [1]
out_rate_pitch          0x20001144    0x4  Data  Gb  A3906.o [1]
out_rate_roll           0x20001124    0x4  Data  Gb  A3906.o [1]
prevenc                 0x2000117c    0x4  Data  Gb  A3906.o [1]
putDMCmode              0x00003641    0x8  Code  Gb  A3906.o [1]
ref_pos_pitch           0x2000112c    0x4  Data  Gb  A3906.o [1]
ref_pos_roll            0x2000110c    0x4  Data  Gb  A3906.o [1]
sPhic                   0x200011b8    0x4  Data  Gb  A3906.o [1]
sThetac                 0x200011b0    0x4  Data  Gb  A3906.o [1]
set_temperature         0x20000278    0x8  Data  Gb  A3906.o [1]
sinf                    0x00007cd3    0x6  Code  Gb  sinf.o [5]
sprintf                 0x000080dd   0x34  Code  Gb  sprintf.o [3]
sqrt                    0x00008ba1         Code  Gb  sqrt.o [5]
sqrtf                   0x00008c91         Code  Gb  sqrtf.o [5]
sqrtl                   0x00008ba1         Code  Gb  sqrt.o [5]
statearray              0x20000ff0   0x14  Data  Gb  A3906.o [1]
stateindex              0x200010fc    0x4  Data  Gb  A3906.o [1]
status_shutter          0x2000026c    0xc  Data  Gb  A3906.o [1]
strchr                  0x0000a511         Code  Gb  strchr.o [6]
strcpy                  0x00008061         Code  Gb  strcpy.o [6]
strlen                  0x000080a5         Code  Gb  strlen.o [6]
swapb                   0x00006ec9    0xa  Code  Gb  A3906.o [1]
u_rate_pitch            0x20001140    0x4  Data  Gb  A3906.o [1]
u_rate_roll             0x20001120    0x4  Data  Gb  A3906.o [1]
ulPeriod                0x200010dc    0x4  Data  Gb  A3906.o [1]
vertical                0x200010e8    0x4  Data  Gb  A3906.o [1]
xbmaready               0x200011d5    0x1  Data  Gb  A3906.o [1]
y_pos_pitch             0x20001134    0x4  Data  Gb  A3906.o [1]
y_pos_roll              0x20001114    0x4  Data  Gb  A3906.o [1]
y_rate_pitch            0x2000113c    0x4  Data  Gb  A3906.o [1]
y_rate_roll             0x2000111c    0x4  Data  Gb  A3906.o [1]


[1] = C:\Program Files\IAR Systems\Embedded Workbench 6.4\arm\examples\TexasInstruments\Stellaris\boards\ek-lm4f230H5QR\BBStabilizedPlatform_IR_HR\Debug\Obj
[2] = command line
[3] = dl7M_tln.a
[4] = driverlib-cm4f.a
[5] = m7M_tlv.a
[6] = rt7M_tl.a
[7] = shb_l.a

  42 760 bytes of readonly  code memory
   1 584 bytes of readonly  data memory
   5 606 bytes of readwrite data memory

Errors: none
Warnings: none
